Client Error:

> secure-messaging-client@0.0.0 build
> tsc -b && vite build

src/contexts/MessengerContext.tsx(36,3): error TS6133: 'initiateHandshakeWithContact' is declared but its value is never read.
src/services/SessionManager.ts(363,5): error TS2769: No overload matches this call.
  The last overload gave the following error.
    Argument of type 'Uint8Array<ArrayBufferLike>' is not assignable to parameter of type 'BufferSource'.
      Type 'Uint8Array<ArrayBufferLike>' is not assignable to type 'ArrayBufferView<ArrayBuffer>'.
        Types of property 'buffer' are incompatible.
          Type 'ArrayBufferLike' is not assignable to type 'ArrayBuffer'.
            Type 'SharedArrayBuffer' is not assignable to type 'ArrayBuffer'.
              Types of property '[Symbol.toStringTag]' are incompatible.
                Type '"SharedArrayBuffer"' is not assignable to type '"ArrayBuffer"'.
src/services/SessionManager.ts(368,62): error TS2345: Argument of type 'Uint8Array<ArrayBufferLike>' is not assignable to parameter of type 'BufferSource'.
  Type 'Uint8Array<ArrayBufferLike>' is not assignable to type 'ArrayBufferView<ArrayBuffer>'.
    Types of property 'buffer' are incompatible.
      Type 'ArrayBufferLike' is not assignable to type 'ArrayBuffer'.
        Type 'SharedArrayBuffer' is not assignable to type 'ArrayBuffer'.
          Types of property '[Symbol.toStringTag]' are incompatible.
            Type '"SharedArrayBuffer"' is not assignable to type '"ArrayBuffer"'.

npm error Lifecycle script `build` failed with error:
npm error code 2
npm error path c:\Users\anubh\Documents\Secure-messaging-app\client
npm error workspace secure-messaging-client@0.0.0
npm error location c:\Users\anubh\Documents\Secure-messaging-app\client
npm error command failed
npm error command C:\WINDOWS\system32\cmd.exe /d /s /c tsc -b && vite build

Server: OK
